0 verbose cli /usr/local/bin/node /usr/local/bin/npm
1 info using npm@10.8.2
2 info using node@v20.18.1
3 silly config load:file:/usr/local/lib/node_modules/npm/npmrc
4 silly config load:file:/root/.npmrc
5 silly config load:file:/usr/local/etc/npmrc
6 verbose title npm run dev
7 verbose argv "run" "dev"
8 verbose logfile logs-max:10 dir:/root/.npm/_logs/2025-01-08T18_27_21_151Z-
9 verbose logfile /root/.npm/_logs/2025-01-08T18_27_21_151Z-debug-0.log
10 silly logfile done cleaning log files
11 http fetch GET 200 https://registry.npmjs.org/npm 282ms
12 verbose stack Error: command failed
12 verbose stack     at promiseSpawn (/usr/local/lib/node_modules/npm/node_modules/@npmcli/promise-spawn/lib/index.js:22:22)
12 verbose stack     at spawnWithShell (/usr/local/lib/node_modules/npm/node_modules/@npmcli/promise-spawn/lib/index.js:124:10)
12 verbose stack     at promiseSpawn (/usr/local/lib/node_modules/npm/node_modules/@npmcli/promise-spawn/lib/index.js:12:12)
12 verbose stack     at runScriptPkg (/usr/local/lib/node_modules/npm/node_modules/@npmcli/run-script/lib/run-script-pkg.js:77:13)
12 verbose stack     at runScript (/usr/local/lib/node_modules/npm/node_modules/@npmcli/run-script/lib/run-script.js:9:12)
12 verbose stack     at #run (/usr/local/lib/node_modules/npm/lib/commands/run-script.js:130:13)
12 verbose stack     at async RunScript.exec (/usr/local/lib/node_modules/npm/lib/commands/run-script.js:39:7)
12 verbose stack     at async Npm.exec (/usr/local/lib/node_modules/npm/lib/npm.js:207:9)
12 verbose stack     at async module.exports (/usr/local/lib/node_modules/npm/lib/cli/entry.js:74:5)
13 verbose pkgid finance-management-api@1.0.0
14 error path /root
15 error command failed
16 error signal SIGKILL
17 error command sh -c nodemon --watch . --exec ts-node index.ts
18 verbose cwd /root
19 verbose os Linux 5.15.0-126-generic
20 verbose node v20.18.1
21 verbose npm  v10.8.2
22 notice
22 notice New major version of npm available! 10.8.2 -> 11.0.0
22 notice Changelog: https://github.com/npm/cli/releases/tag/v11.0.0
22 notice To update run: npm install -g npm@11.0.0
22 notice  { force: true, [Symbol(proc-log.meta)]: true }
23 verbose exit 1
24 verbose code 1
25 error A complete log of this run can be found in: /root/.npm/_logs/2025-01-08T18_27_21_151Z-debug-0.log
